------------------------------------------------------------
Timing Analyzer Summary
------------------------------------------------------------

Type  : Slow 1100mV 85C Model Setup 'CLK_50'
Slack : -5.666
TNS   : -149.767

Type  : Slow 1100mV 85C Model Setup 'ClkFlag'
Slack : -3.380
TNS   : -71.746

Type  : Slow 1100mV 85C Model Hold 'CLK_50'
Slack : 0.443
TNS   : 0.000

Type  : Slow 1100mV 85C Model Hold 'ClkFlag'
Slack : 0.870
TNS   : 0.000

Type  : Slow 1100mV 85C Model Minimum Pulse Width 'ClkFlag'
Slack : -0.538
TNS   : -41.599

Type  : Slow 1100mV 85C Model Minimum Pulse Width 'CLK_50'
Slack : -0.538
TNS   : -33.143

Type  : Slow 1100mV 0C Model Setup 'CLK_50'
Slack : -5.804
TNS   : -147.116

Type  : Slow 1100mV 0C Model Setup 'ClkFlag'
Slack : -3.503
TNS   : -70.514

Type  : Slow 1100mV 0C Model Hold 'CLK_50'
Slack : 0.449
TNS   : 0.000

Type  : Slow 1100mV 0C Model Hold 'ClkFlag'
Slack : 0.816
TNS   : 0.000

Type  : Slow 1100mV 0C Model Minimum Pulse Width 'ClkFlag'
Slack : -0.538
TNS   : -41.476

Type  : Slow 1100mV 0C Model Minimum Pulse Width 'CLK_50'
Slack : -0.538
TNS   : -33.780

Type  : Fast 1100mV 85C Model Setup 'CLK_50'
Slack : -3.028
TNS   : -59.477

Type  : Fast 1100mV 85C Model Setup 'ClkFlag'
Slack : -1.352
TNS   : -26.388

Type  : Fast 1100mV 85C Model Hold 'CLK_50'
Slack : 0.204
TNS   : 0.000

Type  : Fast 1100mV 85C Model Hold 'ClkFlag'
Slack : 0.334
TNS   : 0.000

Type  : Fast 1100mV 85C Model Minimum Pulse Width 'CLK_50'
Slack : -0.314
TNS   : -4.269

Type  : Fast 1100mV 85C Model Minimum Pulse Width 'ClkFlag'
Slack : 0.014
TNS   : 0.000

Type  : Fast 1100mV 0C Model Setup 'CLK_50'
Slack : -2.748
TNS   : -50.965

Type  : Fast 1100mV 0C Model Setup 'ClkFlag'
Slack : -1.209
TNS   : -22.884

Type  : Fast 1100mV 0C Model Hold 'CLK_50'
Slack : 0.191
TNS   : 0.000

Type  : Fast 1100mV 0C Model Hold 'ClkFlag'
Slack : 0.294
TNS   : 0.000

Type  : Fast 1100mV 0C Model Minimum Pulse Width 'CLK_50'
Slack : -0.324
TNS   : -4.366

Type  : Fast 1100mV 0C Model Minimum Pulse Width 'ClkFlag'
Slack : 0.038
TNS   : 0.000

------------------------------------------------------------
